// Jest Snapshot v1, https://goo.gl/fbAQLP

exports[`should return the correct snapshot of App component 1`] = `
<div>
  <div
    className="container"
  >
    <div
      className="map"
    >
      <div
        className="row"
      >
        <ul
          className="cell"
        >
          <div
            onClick={[Function]}
          >
            <div>
               
              <img
                className="image"
                src="lake-tahoe.jpg"
              />
              F
            </div>
          </div>
        </ul>
        <ul
          className="cell"
        >
          <div
            onClick={[Function]}
          >
            <div
              className="blank"
            />
          </div>
        </ul>
        <ul
          className="cell"
        >
          <div
            onClick={[Function]}
          >
            <div
              className="blank"
            />
          </div>
        </ul>
        <ul
          className="cell"
        >
          <div
            onClick={[Function]}
          >
            <div>
               
              <img
                className="image"
                src="legend.jpg"
              />
              E
            </div>
          </div>
        </ul>
        <ul
          className="cell"
        >
          <div
            onClick={[Function]}
          >
            <div
              className="blank"
            />
          </div>
        </ul>
      </div>
      <div
        className="row"
      >
        <ul
          className="cell"
        >
          <div
            onClick={[Function]}
          >
            <div
              className="blank"
            />
          </div>
        </ul>
        <ul
          className="cell"
        >
          <div
            onClick={[Function]}
          >
            <div
              className="blank"
            />
          </div>
        </ul>
        <ul
          className="cell"
        >
          <div
            onClick={[Function]}
          >
            <div
              className="blank"
            />
          </div>
        </ul>
        <ul
          className="cell"
        >
          <div
            onClick={[Function]}
          >
            <div
              className="blank"
            />
          </div>
        </ul>
        <ul
          className="cell"
        >
          <div
            onClick={[Function]}
          >
            <div
              className="blank"
            />
          </div>
        </ul>
      </div>
      <div
        className="row"
      >
        <ul
          className="cell"
        >
          <div
            onClick={[Function]}
          >
            <div>
               
              <img
                className="image"
                src="https://i.pinimg.com/originals/93/c7/f7/93c7f77f60f2b27e3a32b179731b34a3.jpg"
              />
              D
            </div>
          </div>
        </ul>
        <ul
          className="cell"
        >
          <div
            onClick={[Function]}
          >
            <div
              className="blank"
            />
          </div>
        </ul>
        <ul
          className="cell"
        >
          <div
            onClick={[Function]}
          >
            <div
              className="blank"
            />
          </div>
        </ul>
        <ul
          className="cell"
        >
          <div
            onClick={[Function]}
          >
            <div>
               
              <img
                className="image"
                src="downtown-Reno.jpg"
              />
              C
            </div>
          </div>
        </ul>
        <ul
          className="cell"
        >
          <div
            onClick={[Function]}
          >
            <div
              className="blank"
            />
          </div>
        </ul>
      </div>
      <div
        className="row"
      >
        <ul
          className="cell"
        >
          <div
            onClick={[Function]}
          >
            <div
              className="blank"
            />
          </div>
        </ul>
        <ul
          className="cell"
        >
          <div
            onClick={[Function]}
          >
            <div
              className="blank"
            />
          </div>
        </ul>
        <ul
          className="cell"
        >
          <div
            onClick={[Function]}
          >
            <div
              className="blank"
            />
          </div>
        </ul>
        <ul
          className="cell"
        >
          <div
            onClick={[Function]}
          >
            <div
              className="blank"
            />
          </div>
        </ul>
        <ul
          className="cell"
        >
          <div
            onClick={[Function]}
          >
            <div
              className="blank"
            />
          </div>
        </ul>
      </div>
      <div
        className="row"
      >
        <ul
          className="cell"
        >
          <div
            onClick={[Function]}
          >
            <div
              className="blank"
            />
          </div>
        </ul>
        <ul
          className="cell"
        >
          <div
            onClick={[Function]}
          >
            <div
              className="blank"
            />
          </div>
        </ul>
        <ul
          className="cell"
        >
          <div
            onClick={[Function]}
          >
            <div>
               
              <img
                className="image"
                src="https://upload.wikimedia.org/wikipedia/en/5/55/UNR_Campus_North120520.jpg"
              />
              B
            </div>
          </div>
        </ul>
        <ul
          className="cell"
        >
          <div
            onClick={[Function]}
          >
            <div
              className="blank"
            />
          </div>
        </ul>
        <ul
          className="cell"
        >
          <div
            onClick={[Function]}
          >
            <div
              className="image"
            >
              <img
                className="image"
                src="https://media.graytvinc.com/images/690*407/paddock+house+reno1.jpg"
              />
              A
            </div>
            <svg
              className="meeple"
            >
              meeple.svg
            </svg>
          </div>
        </ul>
      </div>
      <button
        onClick={[Function]}
      >
        Begin
      </button>
    </div>
  </div>
</div>
`;
